]0;~/Documents/R/santander[?1034hdigitalfirstmedia@Digitals-MacBook-Pro [32m~/Documents/R/santander[33m[00m $ echo "# santander" >> README.md
]0;~/Documents/R/santanderdigitalfirstmedia@Digitals-MacBook-Pro [32m~/Documents/R/santander[33m[00m $ git init
Initialized empty Git repository in /Users/digitalfirstmedia/Documents/R/santander/.git/
]0;~/Documents/R/santanderdigitalfirstmedia@Digitals-MacBook-Pro [32m~/Documents/R/santander[33m[00m $ git add README.md
]0;~/Documents/R/santanderdigitalfirstmedia@Digitals-MacBook-Pro [32m~/Documents/R/santander[33m[00m $ git commit -m "first commit"
[master (root-commit) f2b9f10] first commit
 1 file changed, 1 insertion(+)
 create mode 100644 README.md
]0;~/Documents/R/santanderdigitalfirstmedia@Digitals-MacBook-Pro [32m~/Documents/R/santander[33m (master)[00m $ git remote add origin git@github.com:f drennan/santander.git
]0;~/Documents/R/santanderdigitalfirstmedia@Digitals-MacBook-Pro [32m~/Documents/R/santander[33m (master)[00m $ git push -u origin master
Enumerating objects: 3, done.
Counting objects:  33% (1/3)   Counting objects:  66% (2/3)   Counting objects: 100% (3/3)   Counting objects: 100% (3/3), done.
Writing objects:  33% (1/3)   Writing objects:  66% (2/3)   Writing objects: 100% (3/3)   Writing objects: 100% (3/3), 227 bytes | 227.00 KiB/s, done.
Total 3 (delta 0), reused 0 (delta 0)
To github.com:fdrennan/santander.git
 * [new branch]      master -> master
Branch 'master' set up to track remote branch 'master' from 'origin'.
]0;~/Documents/R/santanderdigitalfirstmedia@Digitals-MacBook-Pro [32m~/Documents/R/santander[33m (master)[00m $ git add --all
git commit -m 'update'
^C
]0;~/Documents/R/santanderdigitalfirstmedia@Digitals-MacBook-Pro [32m~/Documents/R/santander[33m (master)[00m $ 
]0;~/Documents/R/santanderdigitalfirstmedia@Digitals-MacBook-Pro [32m~/Documents/R/santander[33m (master)[00m $ 
]0;~/Documents/R/santanderdigitalfirstmedia@Digitals-MacBook-Pro [32m~/Documents/R/santander[33m (master)[00m $ 
]0;~/Documents/R/santanderdigitalfirstmedia@Digitals-MacBook-Pro [32m~/Documents/R/santander[33m (master)[00m $ c[Kvim .gitignore
[?2004h]0;~/Documents/R/santanderdigitalfirstmedia@Digitals-MacBook-Pro [32m~/Documents/R/santander[33m (master)[00m $ git add --all
]0;~/Documents/R/santanderdigitalfirstmedia@Digitals-MacBook-Pro [32m~/Documents/R/santander[33m (master)[00m $ git commit -m 'update'
[master 9471593] update
 82 files changed, 1100687 insertions(+)
 create mode 100644 .Rproj.user/F5514539/console06/DF03A711
 create mode 100644 .Rproj.user/F5514539/console06/DF03A711.env
 create mode 100644 .Rproj.user/F5514539/console06/INDEX001
 create mode 100644 .Rproj.user/F5514539/sources/prop/2AAA8008
 create mode 100644 .Rproj.user/F5514539/sources/prop/921510B2
 create mode 100644 .Rproj.user/F5514539/sources/prop/C29594D6
 create mode 100644 .Rproj.user/F5514539/sources/prop/INDEX
 create mode 100644 .Rproj.user/F5514539/sources/s-BD94C5BF/171CE3D9-contents
 create mode 100644 .Rproj.user/F5514539/sources/s-BD94C5BF/2547B0B-contents
 create mode 100644 .Rproj.user/F5514539/sources/s-BD94C5BF/28059A09
 create mode 100644 .Rproj.user/F5514539/sources/s-BD94C5BF/28059A09-contents
 create mode 100644 .Rproj.user/F5514539/sources/s-BD94C5BF/2DF10573-contents
 create mode 100644 .Rproj.user/F5514539/sources/s-BD94C5BF/30652562-contents
 create mode 100644 .Rproj.user/F5514539/sources/s-BD94C5BF/384FCA46-contents
 create mode 100644 .Rproj.user/F5514539/sources/s-BD94C5BF/4A6A21C8-contents
 create mode 100644 .Rproj.user/F5514539/sources/s-BD94C5BF/59CCA04-contents
 create mode 100644 .Rproj.user/F5514539/sources/s-BD94C5BF/5C74B0B7-contents
 create mode 100644 .Rproj.user/F5514539/sources/s-BD94C5BF/69761C3-contents
 create mode 100644 .Rproj.user/F5514539/sources/s-BD94C5BF/785B3749-contents
 create mode 100644 .Rproj.user/F5514539/sources/s-BD94C5BF/901DCF6B-contents
 create mode 100644 .Rproj.user/F5514539/sources/s-BD94C5BF/9854B05A-contents
 create mode 100644 .Rproj.user/F5514539/sources/s-BD94C5BF/A299DC3B-contents
 create mode 100644 .Rproj.user/F5514539/sources/s-BD94C5BF/A776ACD5-contents
 create mode 100644 .Rproj.user/F5514539/sources/s-BD94C5BF/B5B36F68-contents
 create mode 100644 .Rproj.user/F5514539/sources/s-BD94C5BF/C540CB8F-contents
 create mode 100644 .Rproj.user/F5514539/sources/s-BD94C5BF/C6D11578-contents
 create mode 100644 .Rproj.user/F5514539/sources/s-BD94C5BF/C6F16146-contents
 create mode 100644 .Rproj.user/F5514539/sources/s-BD94C5BF/D5A02F6D
 create mode 100644 .Rproj.user/F5514539/sources/s-BD94C5BF/D5A02F6D-contents
 create mode 100644 .Rproj.user/F5514539/sources/s-BD94C5BF/E43616BB-contents
 create mode 100644 .Rproj.user/F5514539/sources/s-BD94C5BF/EA204767-contents
 create mode 100644 .Rproj.user/F5514539/sources/s-BD94C5BF/EA98693A-contents
 create mode 100644 .Rproj.user/F5514539/sources/s-BD94C5BF/F3E25CC6-contents
 create mode 100644 .Rproj.user/F5514539/sources/s-BD94C5BF/F45499E7-contents
 create mode 100644 .Rproj.user/F5514539/sources/s-BD94C5BF/F9D6E45F-contents
 create mode 100644 .Rproj.user/F5514539/sources/s-BD94C5BF/FED36BAE-contents
 create mode 100644 .Rproj.user/F5514539/sources/s-BD94C5BF/lock_file
 create mode 100644 .Rproj.user/shared/notebooks/4A5E2753-santander/1/F55145399BA8990E/chunks.json
 create mode 100644 .Rproj.user/shared/notebooks/4A5E2753-santander/1/F5514539BD94C5BF/chunks.json
 create mode 100644 .Rproj.user/shared/notebooks/4A5E2753-santander/1/F5514539E61F3D72/c1ufmbww6qsqf/000002.csv
 create mode 100644 .Rproj.user/shared/notebooks/4A5E2753-santander/1/F5514539E61F3D72/c3tid1nk7ft6p/000002.csv
 create mode 100644 .Rproj.user/shared/notebooks/4A5E2753-santander/1/F5514539E61F3D72/c6907h3u890vo/000002.csv
 create mode 100644 .Rproj.user/shared/notebooks/4A5E2753-santander/1/F5514539E61F3D72/chunks.json
 create mode 100644 .Rproj.user/shared/notebooks/4A5E2753-santander/1/F5514539E61F3D72/cif0c9y2smcbw/000002.csv
 create mode 100644 .Rproj.user/shared/notebooks/4A5E2753-santander/1/F5514539E61F3D72/cj5ndha0z9imj/000002.csv
 create mode 100644 .Rproj.user/shared/notebooks/4A5E2753-santander/1/F5514539E61F3D72/cpp30donhk6zn/000002.csv
 create mode 100644 .Rproj.user/shared/notebooks/4A5E2753-santander/1/F5514539E61F3D72/cr13zk8n5bfgz/000002.csv
 create mode 100644 .Rproj.user/shared/notebooks/4A5E2753-santander/1/F5514539E61F3D72/crkds6x7w98zl/000004.csv
 create mode 100644 .Rproj.user/shared/notebooks/4A5E2753-santander/1/F5514539E61F3D72/crw8p6z97lfe7/000004.csv
 create mode 100644 .Rproj.user/shared/notebooks/4A5E2753-santander/1/F5514539E61F3D72/cs84pw21jrxgq/000002.csv
 create mode 100644 .Rproj.user/shared/notebooks/4A5E2753-santander/1/F5514539E61F3D72/ctzlsyz4g88cc/000010.csv
 create mode 100644 .Rproj.user/shared/notebooks/4A5E2753-santander/1/F5514539E61F3D72/cwe5ct099j2iw/000002.csv
 create mode 100644 .Rproj.user/shared/notebooks/4A5E2753-santander/1/s/c0oefu91w6kkl/000002.csv
 create mode 100644 .Rproj.user/shared/notebooks/4A5E2753-santander/1/s/c3d6jectz2ury/000028.csv
 create mode 100644 .Rproj.user/shared/notebooks/4A5E2753-santander/1/s/c6ygp0em6t4hc/000004.csv
 create mode 100644 .Rproj.user/shared/notebooks/4A5E2753-santander/1/s/c73zd9wr3boqi/000002.csv
 create mode 100644 .Rproj.user/shared/notebooks/4A5E2753-santander/1/s/c9aywm1hekijk/000002.csv
 create mode 100644 .Rproj.user/shared/notebooks/4A5E2753-santander/1/s/cb4onuipkl5sr/00001c.csv
 create mode 100644 .Rproj.user/shared/notebooks/4A5E2753-santander/1/s/chunks.json
 create mode 100644 .Rproj.user/shared/notebooks/4A5E2753-santander/1/s/ck8vnoyzb5cxn/000002.csv
 create mode 100644 .Rproj.user/shared/notebooks/4A5E2753-santander/1/s/ck9k1wczsprqh/000002.csv
 create mode 100644 .Rproj.user/shared/notebooks/4A5E2753-santander/1/s/cltaqrd47grm3/000008.csv
 create mode 100644 .Rproj.user/shared/notebooks/4A5E2753-santander/1/s/cltaqrd47grm3/000009.metadata
 create mode 100644 .Rproj.user/shared/notebooks/4A5E2753-santander/1/s/cltaqrd47grm3/000009.png
 create mode 100644 .Rproj.user/shared/notebooks/4A5E2753-santander/1/s/cltaqrd47grm3/000009.snapshot
 create mode 100644 .Rproj.user/shared/notebooks/4A5E2753-santander/1/s/cpqmg2vnv489v/000002.csv
 create mode 100644 .Rproj.user/shared/notebooks/4A5E2753-santander/1/s/cqyhhm3iswp7l/000002.csv
 create mode 100644 .Rproj.user/shared/notebooks/4A5E2753-santander/1/s/csshpxcmn2x25/000002.csv
 create mode 100644 .Rproj.user/shared/notebooks/4A5E2753-santander/1/s/cvzeikz3tq0o3/000004.csv
 create mode 100644 .Rproj.user/shared/notebooks/4A5E2753-santander/1/s/cyp66zcidd5z6/000002.csv
 create mode 100644 .Rproj.user/shared/notebooks/B1CE726D-xgb/1/F5514539BD94C5BF/chunks.json
 create mode 100644 .Rproj.user/shared/notebooks/B1CE726D-xgb/1/s/chunks.json
 create mode 100644 .Rproj.user/shared/notebooks/patch-chunk-names
 create mode 100644 .Rproj.user/shared/notebooks/paths
 create mode 100644 .gitignore
 create mode 100644 predictions1.csv
 create mode 100644 predictions2.csv
 create mode 100644 predictions3.csv
 create mode 100755 sample_submission.csv
 create mode 100644 santander.Rmd
 create mode 100644 santander.Rproj
 create mode 100644 santander.nb.html
]0;~/Documents/R/santanderdigitalfirstmedia@Digitals-MacBook-Pro [32m~/Documents/R/santander[33m (master)[00m $ git [K[K[K[Kvim .gitignore
[?2004h]0;~/Documents/R/santanderdigitalfirstmedia@Digitals-MacBook-Pro [32m~/Documents/R/santander[33m (master)[00m $ git add --all
]0;~/Documents/R/santanderdigitalfirstmedia@Digitals-MacBook-Pro [32m~/Documents/R/santander[33m (master)[00m $ git commit -m 'update'
[master bb3e1c0] update
 2 files changed, 88 insertions(+)
]0;~/Documents/R/santanderdigitalfirstmedia@Digitals-MacBook-Pro [32m~/Documents/R/santander[33m (master)[00m $ git push origin master
Enumerating objects: 103, done.
Counting objects:   0% (1/103)   Counting objects:   1% (2/103)   Counting objects:   2% (3/103)   Counting objects:   3% (4/103)   Counting objects:   4% (5/103)   Counting objects:   5% (6/103)   Counting objects:   6% (7/103)   Counting objects:   7% (8/103)   Counting objects:   8% (9/103)   Counting objects:   9% (10/103)   Counting objects:  10% (11/103)   Counting objects:  11% (12/103)   Counting objects:  12% (13/103)   Counting objects:  13% (14/103)   Counting objects:  14% (15/103)   Counting objects:  15% (16/103)   Counting objects:  16% (17/103)   Counting objects:  17% (18/103)   Counting objects:  18% (19/103)   Counting objects:  19% (20/103)   Counting objects:  20% (21/103)   Counting objects:  21% (22/103)   Counting objects:  22% (23/103)   Counting objects:  23% (24/103)   Counting objects:  24% (25/103)   Counting objects:  25% (26/103)   Counting objects:  26% (27/103)   Counting objects:  27% (28/103)   Counting objects:  28% (29/103)   Counting objects:  29% (30/103)   Counting objects:  30% (31/103)   Counting objects:  31% (32/103)   Counting objects:  32% (33/103)   Counting objects:  33% (34/103)   Counting objects:  34% (36/103)   Counting objects:  35% (37/103)   Counting objects:  36% (38/103)   Counting objects:  37% (39/103)   Counting objects:  38% (40/103)   Counting objects:  39% (41/103)   Counting objects:  40% (42/103)   Counting objects:  41% (43/103)   Counting objects:  42% (44/103)   Counting objects:  43% (45/103)   Counting objects:  44% (46/103)   Counting objects:  45% (47/103)   Counting objects:  46% (48/103)   Counting objects:  47% (49/103)   Counting objects:  48% (50/103)   Counting objects:  49% (51/103)   Counting objects:  50% (52/103)   Counting objects:  51% (53/103)   Counting objects:  52% (54/103)   Counting objects:  53% (55/103)   Counting objects:  54% (56/103)   Counting objects:  55% (57/103)   Counting objects:  56% (58/103)   Counting objects:  57% (59/103)   Counting objects:  58% (60/103)   Counting objects:  59% (61/103)   Counting objects:  60% (62/103)   Counting objects:  61% (63/103)   Counting objects:  62% (64/103)   Counting objects:  63% (65/103)   Counting objects:  64% (66/103)   Counting objects:  65% (67/103)   Counting objects:  66% (68/103)   Counting objects:  67% (70/103)   Counting objects:  68% (71/103)   Counting objects:  69% (72/103)   Counting objects:  70% (73/103)   Counting objects:  71% (74/103)   Counting objects:  72% (75/103)   Counting objects:  73% (76/103)   Counting objects:  74% (77/103)   Counting objects:  75% (78/103)   Counting objects:  76% (79/103)   Counting objects:  77% (80/103)   Counting objects:  78% (81/103)   Counting objects:  79% (82/103)   Counting objects:  80% (83/103)   Counting objects:  81% (84/103)   Counting objects:  82% (85/103)   Counting objects:  83% (86/103)   Counting objects:  84% (87/103)   Counting objects:  85% (88/103)   Counting objects:  86% (89/103)   Counting objects:  87% (90/103)   Counting objects:  88% (91/103)   Counting objects:  89% (92/103)   Counting objects:  90% (93/103)   Counting objects:  91% (94/103)   Counting objects:  92% (95/103)   Counting objects:  93% (96/103)   Counting objects:  94% (97/103)   Counting objects:  95% (98/103)   Counting objects:  96% (99/103)   Counting objects:  97% (100/103)   Counting objects:  98% (101/103)   Counting objects:  99% (102/103)   Counting objects: 100% (103/103)   Counting objects: 100% (103/103), done.
Delta compression using up to 8 threads.
Compressing objects:   1% (1/67)   Compressing objects:   2% (2/67)   Compressing objects:   4% (3/67)   Compressing objects:   5% (4/67)   Compressing objects:   7% (5/67)   Compressing objects:   8% (6/67)   Compressing objects:  10% (7/67)   Compressing objects:  11% (8/67)   Compressing objects:  13% (9/67)   Compressing objects:  14% (10/67)   Compressing objects:  16% (11/67)   Compressing objects:  17% (12/67)   Compressing objects:  19% (13/67)   Compressing objects:  20% (14/67)   Compressing objects:  22% (15/67)   Compressing objects:  23% (16/67)   Compressing objects:  25% (17/67)   Compressing objects:  26% (18/67)   Compressing objects:  28% (19/67)   Compressing objects:  29% (20/67)   Compressing objects:  31% (21/67)   Compressing objects:  32% (22/67)   Compressing objects:  34% (23/67)   Compressing objects:  35% (24/67)   Compressing objects:  37% (25/67)   Compressing objects:  38% (26/67)   Compressing objects:  40% (27/67)   Compressing objects:  41% (28/67)   Compressing objects:  43% (29/67)   Compressing objects:  44% (30/67)   Compressing objects:  46% (31/67)   Compressing objects:  47% (32/67)   Compressing objects:  49% (33/67)   Compressing objects:  50% (34/67)   Compressing objects:  52% (35/67)   Compressing objects:  53% (36/67)   Compressing objects:  55% (37/67)   Compressing objects:  56% (38/67)   Compressing objects:  58% (39/67)   Compressing objects:  59% (40/67)   Compressing objects:  61% (41/67)   Compressing objects:  62% (42/67)   Compressing objects:  64% (43/67)   Compressing objects:  65% (44/67)   Compressing objects:  67% (45/67)   Compressing objects:  68% (46/67)   Compressing objects:  70% (47/67)   Compressing objects:  71% (48/67)   Compressing objects:  73% (49/67)   Compressing objects:  74% (50/67)   Compressing objects:  76% (51/67)   Compressing objects:  77% (52/67)   Compressing objects:  79% (53/67)   Compressing objects:  80% (54/67)   Compressing objects:  82% (55/67)   Compressing objects:  83% (56/67)   Compressing objects:  85% (57/67)   Compressing objects:  86% (58/67)   Compressing objects:  88% (59/67)   Compressing objects:  89% (60/67)   Compressing objects:  91% (61/67)   Compressing objects:  92% (62/67)   Compressing objects:  94% (63/67)   Compressing objects:  95% (64/67)   Compressing objects:  97% (65/67)   Compressing objects:  98% (66/67)   Compressing objects: 100% (67/67)   Compressing objects: 100% (67/67), done.
Writing objects:   0% (1/102)   Writing objects:   1% (2/102)   Writing objects:   2% (3/102)   Writing objects:   3% (4/102)   Writing objects:   4% (5/102)   Writing objects:   5% (6/102)   Writing objects:   6% (7/102)   Writing objects:   7% (8/102)   Writing objects:   8% (9/102)   Writing objects:   9% (10/102)   Writing objects:  10% (11/102)   Writing objects:  11% (12/102)   Writing objects:  12% (13/102)   Writing objects:  13% (14/102)   Writing objects:  14% (15/102)   Writing objects:  15% (16/102)   Writing objects:  16% (17/102)   Writing objects:  18% (19/102)   Writing objects:  19% (20/102)   Writing objects:  20% (21/102)   Writing objects:  21% (22/102)   Writing objects:  22% (23/102)   Writing objects:  23% (24/102)   Writing objects:  24% (25/102)   Writing objects:  25% (26/102)   Writing objects:  26% (27/102)   Writing objects:  28% (29/102)   Writing objects:  29% (30/102)   Writing objects:  30% (31/102)   Writing objects:  31% (32/102)   Writing objects:  32% (33/102)   Writing objects:  33% (34/102)   Writing objects:  34% (35/102)   Writing objects:  35% (36/102)   Writing objects:  36% (37/102)   Writing objects:  37% (38/102)   Writing objects:  38% (39/102)   Writing objects:  39% (40/102)   Writing objects:  40% (41/102)   Writing objects:  41% (42/102)   Writing objects:  42% (43/102)   Writing objects:  43% (44/102)   Writing objects:  44% (45/102)   Writing objects:  46% (47/102)   Writing objects:  47% (48/102)   Writing objects:  48% (49/102)   Writing objects:  49% (50/102)   Writing objects:  50% (51/102)   Writing objects:  51% (53/102)   Writing objects:  52% (54/102)   Writing objects:  53% (55/102)   Writing objects:  54% (56/102)   Writing objects:  55% (57/102)   Writing objects:  56% (58/102)   Writing objects:  57% (59/102)   Writing objects:  58% (60/102)   Writing objects:  59% (61/102)   Writing objects:  60% (62/102)   Writing objects:  61% (63/102)   Writing objects:  62% (64/102)   Writing objects:  63% (65/102)   Writing objects:  64% (66/102)   Writing objects:  65% (67/102)   Writing objects:  66% (68/102)   Writing objects:  67% (69/102)   Writing objects:  68% (70/102)   Writing objects:  69% (71/102)   Writing objects:  70% (72/102)   Writing objects:  71% (73/102)   Writing objects:  72% (74/102)   Writing objects:  73% (75/102)   Writing objects:  74% (76/102)   Writing objects:  75% (77/102)   Writing objects:  76% (78/102)   Writing objects:  77% (79/102)   Writing objects:  78% (80/102)   Writing objects:  79% (81/102)   Writing objects:  80% (82/102)   Writing objects:  81% (83/102)   Writing objects:  82% (84/102)   Writing objects:  83% (85/102)   Writing objects:  84% (86/102)   Writing objects:  85% (87/102)   Writing objects:  86% (88/102)   Writing objects:  87% (89/102)   Writing objects:  88% (90/102)   Writing objects:  88% (90/102), 1.92 MiB | 1.79 MiB/s   Writing objects:  89% (91/102), 1.92 MiB | 1.79 MiB/s   Writing objects:  90% (92/102), 3.77 MiB | 2.03 MiB/s   Writing objects:  91% (93/102), 3.77 MiB | 2.03 MiB/s   Writing objects:  92% (94/102), 3.77 MiB | 2.03 MiB/s   Writing objects:  93% (95/102), 3.77 MiB | 2.03 MiB/s   Writing objects:  94% (96/102), 3.77 MiB | 2.03 MiB/s   Writing objects:  95% (97/102), 3.77 MiB | 2.03 MiB/s   Writing objects:  96% (98/102), 3.77 MiB | 2.03 MiB/s   Writing objects:  97% (99/102), 3.77 MiB | 2.03 MiB/s   Writing objects:  98% (100/102), 3.77 MiB | 2.03 MiB/s   Writing objects:  99% (101/102), 3.77 MiB | 2.03 MiB/s   Writing objects: 100% (102/102), 3.77 MiB | 2.03 MiB/s   Writing objects: 100% (102/102), 5.22 MiB | 2.34 MiB/s, done.
Total 102 (delta 9), reused 0 (delta 0)
remote: Resolving deltas:   0% (0/9)   [Kremote: Resolving deltas:  11% (1/9)   [Kremote: Resolving deltas:  22% (2/9)   [Kremote: Resolving deltas:  33% (3/9)   [Kremote: Resolving deltas:  55% (5/9)   [Kremote: Resolving deltas:  66% (6/9)   [Kremote: Resolving deltas:  77% (7/9)   [Kremote: Resolving deltas:  88% (8/9)   [Kremote: Resolving deltas: 100% (9/9)   [Kremote: Resolving deltas: 100% (9/9), done.[K
To github.com:fdrennan/santander.git
   f2b9f10..bb3e1c0  master -> master
]0;~/Documents/R/santanderdigitalfirstmedia@Digitals-MacBook-Pro [32m~/Documents/R/santander[33m (master)[00m $ git push origin mastercommit -m 'update'[9Padd --all